Resolving dependencies...
Downloading packages...
  cross_file 0.3.5+5 (0.4.0 available)
  cupertino_icons 1.0.9 (2.0.0 available)
  cupertino_ui 1.0.2 (1.1.1 available)
  firebase_auth 6.6.1 (6.7.0 available)
  firebase_auth_platform_interface 9.0.7 (9.1.0 available)
  firebase_auth_web 6.2.7 (6.3.0 available)
  firebase_core 4.14.0 (4.15.0 available)
  firebase_core_web 3.11.0 (3.12.0 available)
  go_router 18.0.1 (18.0.2 available)
  google_sign_in 6.2.1 (7.2.0 available)
  google_sign_in_android 6.2.1 (7.2.17 available)
  google_sign_in_ios 5.9.0 (6.3.6 available)
  google_sign_in_platform_interface 2.5.0 (3.1.0 available)
  google_sign_in_web 0.12.4+4 (1.1.3 available)
  image_picker_android 0.8.13+23 (0.8.13+25 available)
  image_picker_ios 0.8.13+7 (0.8.13+9 available)
  material_color_utilities 0.13.0 (0.13.1 available)
  material_ui 1.2.0 (1.5.0 available)
  meta 1.18.3 (1.19.0 available)
  permission_handler_apple 9.6.1 (9.6.2 available)
  test_api 0.7.12 (0.7.14 available)
  vector_math 2.4.0 (2.4.3 available)
Got dependencies!
22 packages have newer versions incompatible with dependency constraints.
Try `flutter pub outdated` for more information.
